# serializer version: 1
# name: test_all_entities[sensor.mount_distance-entry]
  EntityRegistryEntrySnapshot({
    'aliases': set({
    }),
    'area_id': None,
    'capabilities': None,
    'config_entry_id': <ANY>,
    'config_subentry_id': <ANY>,
    'device_class': None,
    'device_id': <ANY>,
    'disabled_by': <RegistryEntryDisabler.INTEGRATION: 'integration'>,
    'domain': 'sensor',
    'entity_category': None,
    'entity_id': 'sensor.mount_distance',
    'has_entity_name': True,
    'hidden_by': None,
    'icon': None,
    'id': <ANY>,
    'labels': set({
    }),
    'name': None,
    'options': dict({
    }),
    'original_device_class': None,
    'original_icon': 'mdi:ruler',
    'original_name': 'Distance',
    'platform': 'vogels_motion_mount_ble',
    'previous_unique_id': None,
    'suggested_object_id': None,
    'supported_features': 0,
    'translation_key': 'current_distance',
    'unique_id': 'current_distance',
    'unit_of_measurement': None,
  })
# ---
